4k3/8/8/8/8/8/8/R3K3 w Q - 0 1
16
71
1287
7626
145232
846648
