8/1k6/8/5N2/8/4n3/8/2K5 w - - 0 1
11
156
1636
20534
223507
2594412
