k7/8/3p4/8/3P4/8/8/7K w - - 0 1
4
15
90
534
3450
20960
