n1n5/1Pk5/8/8/8/8/5Kp1/5N1N b - - 0 1
24
421
7421
124608
2193768
37665329
