r3k2r/8/8/8/8/8/8/1R2K2R b Kkq - 0 1
26
583
14252
334705
8198901
198328929
