8/8/1B6/7b/7k/8/2B1b3/7K b - - 0 1
17
309
5133
93603
1591064
29027891
