1nbk2nr/rppP1pp1/7p/8/8/7P/1qP1PPP1/1N1QKBNR w K - 16 9
25
808
21822
739714
