8/8/3k4/3p4/3P4/3K4/8/8 w - - 0 1
5
25
180
1294
8296
53138
