8/8/8/8/8/8/1k6/R3K3 w Q - 0 1
15
65
1018
4573
80619
413018
