k7/8/8/7p/6P1/8/8/K7 w - - 0 1
5
22
139
877
6112
41874
