4k2r/6K1/8/8/8/8/8/8 b k - 0 1
12
38
564
2219
37735
185867
