r3k2r/8/8/8/8/8/8/4K3 b kq - 0 1
26
112
3189
17945
532933
2788982
