K7/8/2n5/1n6/8/8/8/k6N w - - 0 1
3
51
345
5301
38348
588695
