r3k2r/8/8/8/8/8/8/R3K1R1 w Qkq - 0 1
25
547
13579
316214
7878456
189224276
