7k/8/8/3p4/8/8/3P4/K7 b - - 0 1
4
19
117
712
4658
30749
