7k/8/8/1p6/P7/8/8/7K b - - 0 1
5
22
139
877
6112
41874
