8/8/7k/7p/7P/7K/8/8 b - - 0 1
3
9
57
360
1969
10724
