B6b/8/8/8/2K5/4k3/8/b6B w - - 0 1
17
278
4607
76778
1320507
22823890
