1r2k2r/8/8/8/8/8/8/R3K2R b KQk - 0 1
25
567
14095
328965
8153719
195629489
