4k3/8/8/8/8/8/8/4K2R w K - 0 1
15
66
1197
7059
133987
764643
