1r2k2r/8/8/8/8/8/8/R3K2R w KQk - 0 1
26
583
14252
334705
8198901
198328929
