7k/RR6/8/8/8/8/rr6/7K w - - 0 1
19
275
5300
104342
2161211
44956585
