k7/B7/1B6/1B6/8/8/8/K6b w - - 0 1
21
144
3242
32955
787524
7881673
