4k3/8/8/8/8/8/8/4K2R b K - 0 1
5
75
459
8290
47635
899442
