8/1n4N1/2k5/8/8/5K2/1N4n1/8 b - - 0 1
15
193
2816
40039
582642
8503277
