r3k2r/8/8/8/8/8/8/R3K1R1 b Qkq - 0 1
25
560
13607
320792
7848606
190755813
