R6r/8/8/2K5/5k2/8/8/r6R b - - 0 1
36
1027
29227
771368
20521342
524966748
