7k/8/1p6/8/8/P7/8/7K w - - 0 1
4
16
101
637
4354
29679
