6kq/8/8/8/8/8/8/7K w - - 0 1
2
36
143
3637
14893
391507
