8/8/8/8/8/8/1k6/R3K3 b Q - 0 1
4
49
243
3991
20780
367724
