7k/8/p7/8/8/1P6/8/7K w - - 0 1
4
16
101
637
4354
29679
