k7/8/6p1/8/8/7P/8/K7 b - - 0 1
4
16
101
637
4354
29679
