r3k2r/8/8/8/8/8/8/R3K2R w KQkq - 0 1
26
568
13744
314346
7594526
179862938
