8/1n4N1/2k5/8/8/5K2/1N4n1/8 w - - 0 1
14
195
2760
38675
570726
8107539
