8/8/8/8/8/7K/7P/7k w - - 0 1
3
7
43
199
1347
6249
