4k3/8/8/8/8/8/8/R3K2R w KQ - 0 1
26
112
3189
17945
532933
2788982
