4k3/8/8/8/8/8/8/R3K3 b Q - 0 1
5
80
493
8897
52710
1001523
