K7/p7/k7/8/8/8/8/8 b - - 0 1
3
7
43
199
1347
6249
