8/PPPk4/8/8/8/8/4Kppp/8 b - - 0 1
18
270
4699
79355
1533145
28859283
