7k/8/8/3p4/8/8/3P4/K7 w - - 0 1
5
19
116
716
4786
30980
