4k2r/8/8/8/8/8/8/4K3 w k - 0 1
5
75
459
8290
47635
899442
