K7/8/2n5/1n6/8/8/8/k6N b - - 0 1
17
54
835
5910
92250
688780
