k7/6p1/8/8/8/8/7P/K7 b - - 0 1
5
25
161
1035
7574
55338
