r3k1r1/8/8/8/8/8/8/R3K2R b KQq - 0 1
25
547
13579
316214
7878456
189224276
