R6r/8/8/2K5/5k2/8/8/r6R w - - 0 1
36
1027
29215
771461
20506480
525169084
