2r1k2r/8/8/8/8/8/8/R3K2R w KQk - 0 1
25
560
13592
317324
7710115
185959088
