r3k2r/8/8/8/8/8/8/4K3 w kq - 0 1
5
130
782
22180
118882
3517770
